// Jest Snapshot v1, https://goo.gl/fbAQLP

exports[`<Button /> deve renderizar o bot√£o 1`] = `
<button
  className="sc-bdfBQB kvnXKx"
  data-primary={false}
  type="button"
>
  Nome
</button>
`;
