// Jest Snapshot v1, https://goo.gl/fbAQLP

exports[`<Input /> deve renderizar o Input 1`] = `
<input
  className="sc-bdfBQB dSzMHI"
/>
`;
